src/App.tsx(1,50): error TS6133: 'Navigate' is declared but its value is never read.
src/components/alerts/AlertDetail.tsx(8,8): error TS2307: Cannot find module '@/components/ui/dialog' or its corresponding type declarations.
src/components/alerts/AlertDetail.tsx(9,24): error TS2307: Cannot find module '@/components/ui/button' or its corresponding type declarations.
src/components/alerts/AlertDetail.tsx(10,23): error TS2307: Cannot find module '@/components/ui/badge' or its corresponding type declarations.
src/components/alerts/AlertDetail.tsx(11,36): error TS2307: Cannot find module '@/api/types' or its corresponding type declarations.
src/components/alerts/AlertDetail.tsx(12,38): error TS2307: Cannot find module '@/hooks/useAlerts' or its corresponding type declarations.
src/components/alerts/AlertDetail.tsx(13,23): error TS6133: 'AlertTriangle' is declared but its value is never read.
src/components/alerts/AlertDetail.tsx(97,92): error TS7006: Parameter 'action' implicitly has an 'any' type.
src/components/alerts/AlertDetail.tsx(97,100): error TS7006: Parameter 'i' implicitly has an 'any' type.
src/components/alerts/AlertsTable.tsx(9,8): error TS2307: Cannot find module '@/components/ui/table' or its corresponding type declarations.
src/components/alerts/AlertsTable.tsx(10,23): error TS2307: Cannot find module '@/components/ui/badge' or its corresponding type declarations.
src/components/alerts/AlertsTable.tsx(11,24): error TS2307: Cannot find module '@/components/ui/button' or its corresponding type declarations.
src/components/alerts/AlertsTable.tsx(12,23): error TS2307: Cannot find module '@/components/ui/input' or its corresponding type declarations.
src/components/alerts/AlertsTable.tsx(19,8): error TS2307: Cannot find module '@/components/ui/select' or its corresponding type declarations.
src/components/alerts/AlertsTable.tsx(20,27): error TS2307: Cannot find module '@/hooks/useAlerts' or its corresponding type declarations.
src/components/alerts/AlertsTable.tsx(21,46): error TS2307: Cannot find module '@/api/types' or its corresponding type declarations.
src/components/alerts/AlertsTable.tsx(51,36): error TS7006: Parameter 'e' implicitly has an 'any' type.
src/components/alerts/AlertsTable.tsx(56,41): error TS7006: Parameter 'value' implicitly has an 'any' type.
src/components/alerts/AlertsTable.tsx(71,41): error TS7006: Parameter 'value' implicitly has an 'any' type.
src/components/alerts/AlertsTable.tsx(113,45): error TS7006: Parameter 'alert' implicitly has an 'any' type.
src/components/anomalies/AnomalyCard.tsx(1,58): error TS2307: Cannot find module '@/components/ui/card' or its corresponding type declarations.
src/components/anomalies/AnomalyCard.tsx(2,23): error TS2307: Cannot find module '@/components/ui/badge' or its corresponding type declarations.
src/components/anomalies/AnomalyCard.tsx(3,24): error TS2307: Cannot find module '@/components/ui/button' or its corresponding type declarations.
src/components/anomalies/AnomalyCard.tsx(4,25): error TS2307: Cannot find module '@/api/types' or its corresponding type declarations.
src/components/anomalies/DetectionTrigger.tsx(2,24): error TS2307: Cannot find module '@/components/ui/button' or its corresponding type declarations.
src/components/anomalies/DetectionTrigger.tsx(9,8): error TS2307: Cannot find module '@/components/ui/select' or its corresponding type declarations.
src/components/anomalies/DetectionTrigger.tsx(10,35): error TS2307: Cannot find module '@/hooks/useAnomalies' or its corresponding type declarations.
src/components/dashboard/ErrorRateChart.tsx(1,58): error TS2307: Cannot find module '@/components/ui/card' or its corresponding type declarations.
src/components/dashboard/MetricsCard.tsx(1,58): error TS2307: Cannot find module '@/components/ui/card' or its corresponding type declarations.
src/components/dashboard/MetricsCard.tsx(2,20): error TS2307: Cannot find module '@/lib/utils' or its corresponding type declarations.
src/components/dashboard/MetricsCard.tsx(3,10): error TS1484: 'LucideIcon' is a type and must be imported using a type-only import when 'verbatimModuleSyntax' is enabled.
src/components/dashboard/ProviderStatus.tsx(1,58): error TS2307: Cannot find module '@/components/ui/card' or its corresponding type declarations.
src/components/dashboard/ProviderStatus.tsx(2,26): error TS2307: Cannot find module '@/components/ui/progress' or its corresponding type declarations.
src/components/dashboard/RecentAlerts.tsx(1,58): error TS2307: Cannot find module '@/components/ui/card' or its corresponding type declarations.
src/components/dashboard/RecentAlerts.tsx(2,23): error TS2307: Cannot find module '@/components/ui/badge' or its corresponding type declarations.
src/components/dashboard/RecentAlerts.tsx(3,24): error TS2307: Cannot find module '@/components/ui/button' or its corresponding type declarations.
src/components/dashboard/RecentAlerts.tsx(6,27): error TS2307: Cannot find module '@/hooks/useAlerts' or its corresponding type declarations.
src/components/dashboard/RecentAlerts.tsx(28,38): error TS7006: Parameter 'alert' implicitly has an 'any' type.
src/components/incidents/IncidentDetail.tsx(7,8): error TS2307: Cannot find module '@/components/ui/sheet' or its corresponding type declarations.
src/components/incidents/IncidentDetail.tsx(8,23): error TS2307: Cannot find module '@/components/ui/badge' or its corresponding type declarations.
src/components/incidents/IncidentDetail.tsx(9,26): error TS2307: Cannot find module '@/api/types' or its corresponding type declarations.
src/components/incidents/IncidentDetail.tsx(51,61): error TS7006: Parameter 'step' implicitly has an 'any' type.
src/components/incidents/IncidentDetail.tsx(51,67): error TS7006: Parameter 'i' implicitly has an 'any' type.
src/components/incidents/IncidentsTable.tsx(9,8): error TS2307: Cannot find module '@/components/ui/table' or its corresponding type declarations.
src/components/incidents/IncidentsTable.tsx(10,23): error TS2307: Cannot find module '@/components/ui/input' or its corresponding type declarations.
src/components/incidents/IncidentsTable.tsx(17,8): error TS2307: Cannot find module '@/components/ui/select' or its corresponding type declarations.
src/components/incidents/IncidentsTable.tsx(18,30): error TS2307: Cannot find module '@/hooks/useIncidents' or its corresponding type declarations.
src/components/incidents/IncidentsTable.tsx(19,26): error TS2307: Cannot find module '@/api/types' or its corresponding type declarations.
src/components/incidents/IncidentsTable.tsx(40,36): error TS7006: Parameter 'e' implicitly has an 'any' type.
src/components/incidents/IncidentsTable.tsx(45,41): error TS7006: Parameter 'value' implicitly has an 'any' type.
src/components/incidents/IncidentsTable.tsx(88,45): error TS7006: Parameter 'incident' implicitly has an 'any' type.
src/components/layout/Header.tsx(2,27): error TS2307: Cannot find module '@/hooks/useDashboardMetrics' or its corresponding type declarations.
src/components/layout/Header.tsx(3,20): error TS2307: Cannot find module '@/lib/utils' or its corresponding type declarations.
src/components/layout/Sidebar.tsx(3,20): error TS2307: Cannot find module '@/lib/utils' or its corresponding type declarations.
src/hooks/useAlerts.ts(3,10): error TS1484: 'AlertStatus' is a type and must be imported using a type-only import when 'verbatimModuleSyntax' is enabled.
src/hooks/useAlerts.ts(3,23): error TS1484: 'Severity' is a type and must be imported using a type-only import when 'verbatimModuleSyntax' is enabled.
src/pages/Alerts.tsx(1,29): error TS2307: Cannot find module '@/components/alerts/AlertsTable' or its corresponding type declarations.
src/pages/Anomalies.tsx(1,34): error TS2307: Cannot find module '@/components/anomalies/DetectionTrigger' or its corresponding type declarations.
src/pages/Anomalies.tsx(2,29): error TS2307: Cannot find module '@/components/anomalies/AnomalyCard' or its corresponding type declarations.
src/pages/Anomalies.tsx(3,35): error TS2307: Cannot find module '@/hooks/useAnomalies' or its corresponding type declarations.
src/pages/Anomalies.tsx(20,46): error TS7006: Parameter 'anomaly' implicitly has an 'any' type.
src/pages/Anomalies.tsx(20,55): error TS7006: Parameter 'index' implicitly has an 'any' type.
src/pages/Dashboard.tsx(2,29): error TS2307: Cannot find module '@/components/dashboard/MetricsCard' or its corresponding type declarations.
src/pages/Dashboard.tsx(3,32): error TS2307: Cannot find module '@/components/dashboard/ErrorRateChart' or its corresponding type declarations.
src/pages/Dashboard.tsx(4,30): error TS2307: Cannot find module '@/components/dashboard/RecentAlerts' or its corresponding type declarations.
src/pages/Dashboard.tsx(5,32): error TS2307: Cannot find module '@/components/dashboard/ProviderStatus' or its corresponding type declarations.
src/pages/Dashboard.tsx(6,37): error TS2307: Cannot find module '@/hooks/useDashboardMetrics' or its corresponding type declarations.
src/pages/Incidents.tsx(1,32): error TS2307: Cannot find module '@/components/incidents/IncidentsTable' or its corresponding type declarations.
src/pages/Incidents.tsx(2,24): error TS2307: Cannot find module '@/components/ui/button' or its corresponding type declarations.
error TS2688: Cannot find type definition file for 'node'.
  The file is in the program because:
    Entry point of type library 'node' specified in compilerOptions
